// Jest Snapshot v1, https://goo.gl/fbAQLP

exports[`Selections From Quote should output 1`] = `
Array [
  "{\\"text\\":\\"τῆς\\",\\"occurrence\\":1,\\"occurrences\\":1}",
  "{\\"text\\":\\"κατ\\",\\"occurrence\\":2,\\"occurrences\\":2}",
  "{\\"text\\":\\"εὐσέβειαν\\",\\"occurrence\\":1,\\"occurrences\\":1}",
]
`;
